// Bun Snapshot v1, https://bun.sh/docs/test/snapshots

exports[`AuthStack Snapshot test 1`] = `
{
  "Outputs": {
    "UserPoolArn": {
      "Description": "Cognito User Pool ARN",
      "Export": {
        "Name": "BlogUserPoolArn",
      },
      "Value": {
        "Fn::GetAtt": [
          "BlogUserPoolBB1AE2CC",
          "Arn",
        ],
      },
    },
    "UserPoolClientId": {
      "Description": "Cognito User Pool Client ID",
      "Export": {
        "Name": "BlogUserPoolClientId",
      },
      "Value": {
        "Ref": "BlogUserPoolClient0C83BC7E",
      },
    },
    "UserPoolId": {
      "Description": "Cognito User Pool ID",
      "Export": {
        "Name": "BlogUserPoolId",
      },
      "Value": {
        "Ref": "BlogUserPoolBB1AE2CC",
      },
    },
  },
  "Parameters": {
    "BootstrapVersion": {
      "Default": "/cdk-bootstrap/hnb659fds/version",
      "Description": "Version of the CDK Bootstrap resources in this environment, automatically retrieved from SSM Parameter Store. [cdk:skip]",
      "Type": "AWS::SSM::Parameter::Value<String>",
    },
  },
  "Resources": {
    "BlogUserPoolBB1AE2CC": {
      "DeletionPolicy": "Retain",
      "Metadata": {
        "cdk_nag": {
          "rules_to_suppress": [
            {
              "id": "AwsSolutions-COG2",
              "reason": "MFA set to OPTIONAL for development environment. Should be set to REQUIRED in production for enhanced security.",
            },
            {
              "applies_to": [
                "Resource::*",
              ],
              "id": "AwsSolutions-IAM5",
              "reason": "Cognito User Pool SMS role requires wildcard permissions for SNS operations. This is AWS default behavior for SMS authentication.",
            },
            {
              "id": "AwsSolutions-COG3",
              "reason": "Advanced Security Mode not enforced in development environment to reduce costs. Should be set to ENFORCED in production for threat detection.",
            },
          ],
        },
      },
      "Properties": {
        "AccountRecoverySetting": {
          "RecoveryMechanisms": [
            {
              "Name": "verified_email",
              "Priority": 1,
            },
          ],
        },
        "AdminCreateUserConfig": {
          "AllowAdminCreateUserOnly": true,
        },
        "AutoVerifiedAttributes": [
          "email",
        ],
        "EmailVerificationMessage": "The verification code to your new account is {####}",
        "EmailVerificationSubject": "Verify your new account",
        "EnabledMfas": [
          "SMS_MFA",
        ],
        "MfaConfiguration": "OPTIONAL",
        "Policies": {
          "PasswordPolicy": {
            "MinimumLength": 12,
            "RequireLowercase": true,
            "RequireNumbers": true,
            "RequireSymbols": true,
            "RequireUppercase": true,
          },
        },
        "SmsConfiguration": {
          "ExternalId": "TestAuthStackBlogUserPool9FBD7D75",
          "SnsCallerArn": {
            "Fn::GetAtt": [
              "BlogUserPoolsmsRole9F911302",
              "Arn",
            ],
          },
        },
        "SmsVerificationMessage": "The verification code to your new account is {####}",
        "UserPoolName": "serverless-blog-user-pool",
        "UsernameAttributes": [
          "email",
        ],
        "VerificationMessageTemplate": {
          "DefaultEmailOption": "CONFIRM_WITH_CODE",
          "EmailMessage": "The verification code to your new account is {####}",
          "EmailSubject": "Verify your new account",
          "SmsMessage": "The verification code to your new account is {####}",
        },
      },
      "Type": "AWS::Cognito::UserPool",
      "UpdateReplacePolicy": "Retain",
    },
    "BlogUserPoolClient0C83BC7E": {
      "Properties": {
        "AccessTokenValidity": 60,
        "AllowedOAuthFlows": [
          "implicit",
          "code",
        ],
        "AllowedOAuthFlowsUserPoolClient": true,
        "AllowedOAuthScopes": [
          "profile",
          "phone",
          "email",
          "openid",
          "aws.cognito.signin.user.admin",
        ],
        "CallbackURLs": [
          "https://example.com",
        ],
        "ClientName": "serverless-blog-admin-client",
        "ExplicitAuthFlows": [
          "ALLOW_USER_PASSWORD_AUTH",
          "ALLOW_USER_SRP_AUTH",
          "ALLOW_REFRESH_TOKEN_AUTH",
        ],
        "GenerateSecret": false,
        "IdTokenValidity": 60,
        "RefreshTokenValidity": 43200,
        "SupportedIdentityProviders": [
          "COGNITO",
        ],
        "TokenValidityUnits": {
          "AccessToken": "minutes",
          "IdToken": "minutes",
          "RefreshToken": "minutes",
        },
        "UserPoolId": {
          "Ref": "BlogUserPoolBB1AE2CC",
        },
      },
      "Type": "AWS::Cognito::UserPoolClient",
    },
    "BlogUserPoolsmsRole9F911302": {
      "Metadata": {
        "cdk_nag": {
          "rules_to_suppress": [
            {
              "id": "AwsSolutions-COG2",
              "reason": "MFA set to OPTIONAL for development environment. Should be set to REQUIRED in production for enhanced security.",
            },
            {
              "applies_to": [
                "Resource::*",
              ],
              "id": "AwsSolutions-IAM5",
              "reason": "Cognito User Pool SMS role requires wildcard permissions for SNS operations. This is AWS default behavior for SMS authentication.",
            },
            {
              "id": "AwsSolutions-COG3",
              "reason": "Advanced Security Mode not enforced in development environment to reduce costs. Should be set to ENFORCED in production for threat detection.",
            },
          ],
        },
      },
      "Properties": {
        "AssumeRolePolicyDocument": {
          "Statement": [
            {
              "Action": "sts:AssumeRole",
              "Condition": {
                "StringEquals": {
                  "sts:ExternalId": "TestAuthStackBlogUserPool9FBD7D75",
                },
              },
              "Effect": "Allow",
              "Principal": {
                "Service": "cognito-idp.amazonaws.com",
              },
            },
          ],
          "Version": "2012-10-17",
        },
        "Policies": [
          {
            "PolicyDocument": {
              "Statement": [
                {
                  "Action": "sns:Publish",
                  "Effect": "Allow",
                  "Resource": "*",
                },
              ],
              "Version": "2012-10-17",
            },
            "PolicyName": "sns-publish",
          },
        ],
      },
      "Type": "AWS::IAM::Role",
    },
  },
  "Rules": {
    "CheckBootstrapVersion": {
      "Assertions": [
        {
          "Assert": {
            "Fn::Not": [
              {
                "Fn::Contains": [
                  [
                    "1",
                    "2",
                    "3",
                    "4",
                    "5",
                  ],
                  {
                    "Ref": "BootstrapVersion",
                  },
                ],
              },
            ],
          },
          "AssertDescription": "CDK bootstrap stack version 6 required. Please run 'cdk bootstrap' with a recent version of the CDK CLI.",
        },
      ],
    },
  },
}
`;
