// Bun Snapshot v1, https://bun.sh/docs/test/snapshots

exports[`DatabaseStack Snapshot test 1`] = `
{
  "Outputs": {
    "BlogPostsTableArn": {
      "Description": "ARN of the Blog Posts DynamoDB table",
      "Export": {
        "Name": "BlogPostsTableArn",
      },
      "Value": {
        "Fn::GetAtt": [
          "BlogPostsTable95467250",
          "Arn",
        ],
      },
    },
    "BlogPostsTableName": {
      "Description": "Name of the Blog Posts DynamoDB table",
      "Export": {
        "Name": "BlogPostsTableName",
      },
      "Value": {
        "Ref": "BlogPostsTable95467250",
      },
    },
  },
  "Parameters": {
    "BootstrapVersion": {
      "Default": "/cdk-bootstrap/hnb659fds/version",
      "Description": "Version of the CDK Bootstrap resources in this environment, automatically retrieved from SSM Parameter Store. [cdk:skip]",
      "Type": "AWS::SSM::Parameter::Value<String>",
    },
  },
  "Resources": {
    "BlogPostsTable95467250": {
      "DeletionPolicy": "Retain",
      "Properties": {
        "AttributeDefinitions": [
          {
            "AttributeName": "id",
            "AttributeType": "S",
          },
          {
            "AttributeName": "category",
            "AttributeType": "S",
          },
          {
            "AttributeName": "createdAt",
            "AttributeType": "S",
          },
          {
            "AttributeName": "publishStatus",
            "AttributeType": "S",
          },
        ],
        "BillingMode": "PAY_PER_REQUEST",
        "GlobalSecondaryIndexes": [
          {
            "IndexName": "CategoryIndex",
            "KeySchema": [
              {
                "AttributeName": "category",
                "KeyType": "HASH",
              },
              {
                "AttributeName": "createdAt",
                "KeyType": "RANGE",
              },
            ],
            "Projection": {
              "ProjectionType": "ALL",
            },
          },
          {
            "IndexName": "PublishStatusIndex",
            "KeySchema": [
              {
                "AttributeName": "publishStatus",
                "KeyType": "HASH",
              },
              {
                "AttributeName": "createdAt",
                "KeyType": "RANGE",
              },
            ],
            "Projection": {
              "ProjectionType": "ALL",
            },
          },
        ],
        "KeySchema": [
          {
            "AttributeName": "id",
            "KeyType": "HASH",
          },
        ],
        "PointInTimeRecoverySpecification": {
          "PointInTimeRecoveryEnabled": true,
        },
        "TableName": "serverless-blog-posts",
      },
      "Type": "AWS::DynamoDB::Table",
      "UpdateReplacePolicy": "Retain",
    },
  },
  "Rules": {
    "CheckBootstrapVersion": {
      "Assertions": [
        {
          "Assert": {
            "Fn::Not": [
              {
                "Fn::Contains": [
                  [
                    "1",
                    "2",
                    "3",
                    "4",
                    "5",
                  ],
                  {
                    "Ref": "BootstrapVersion",
                  },
                ],
              },
            ],
          },
          "AssertDescription": "CDK bootstrap stack version 6 required. Please run 'cdk bootstrap' with a recent version of the CDK CLI.",
        },
      ],
    },
  },
}
`;
