// Jest Snapshot v1, https://goo.gl/fbAQLP

exports[`LayersStack Snapshot test 1`] = `
{
  "Outputs": {
    "CommonLayerVersionArn": {
      "Description": "ARN of the Common Layer",
      "Value": {
        "Ref": "CommonLayer306767A0",
      },
    },
    "PowertoolsLayerVersionArn": {
      "Description": "ARN of the Powertools Layer",
      "Value": {
        "Ref": "PowertoolsLayer17979D4B",
      },
    },
  },
  "Parameters": {
    "BootstrapVersion": {
      "Default": "/cdk-bootstrap/hnb659fds/version",
      "Description": "Version of the CDK Bootstrap resources in this environment, automatically retrieved from SSM Parameter Store. [cdk:skip]",
      "Type": "AWS::SSM::Parameter::Value<String>",
    },
  },
  "Resources": {
    "CommonLayer306767A0": {
      "Properties": {
        "CompatibleRuntimes": [
          "nodejs24.x",
        ],
        "Content": {
          "S3Bucket": "cdk-hnb659fds-assets-123456789012-ap-northeast-1",
          "S3Key": "[ASSET_HASH].zip",
        },
        "Description": "Common utilities - Markdown conversion, S3 presigned URLs, DynamoDB helpers",
        "LayerName": "serverless-blog-common",
      },
      "Type": "AWS::Lambda::LayerVersion",
    },
    "PowertoolsLayer17979D4B": {
      "Properties": {
        "CompatibleRuntimes": [
          "nodejs24.x",
        ],
        "Content": {
          "S3Bucket": "cdk-hnb659fds-assets-123456789012-ap-northeast-1",
          "S3Key": "[ASSET_HASH].zip",
        },
        "Description": "AWS Lambda Powertools for TypeScript - Logger, Tracer, Metrics, Parameters",
        "LayerName": "serverless-blog-powertools",
      },
      "Type": "AWS::Lambda::LayerVersion",
    },
  },
  "Rules": {
    "CheckBootstrapVersion": {
      "Assertions": [
        {
          "Assert": {
            "Fn::Not": [
              {
                "Fn::Contains": [
                  [
                    "1",
                    "2",
                    "3",
                    "4",
                    "5",
                  ],
                  {
                    "Ref": "BootstrapVersion",
                  },
                ],
              },
            ],
          },
          "AssertDescription": "CDK bootstrap stack version 6 required. Please run 'cdk bootstrap' with a recent version of the CDK CLI.",
        },
      ],
    },
  },
}
`;
