// Jest Snapshot v1, https://goo.gl/fbAQLP

exports[`StorageStack Snapshot test 1`] = `
{
  "Outputs": {
    "AdminSiteBucketName": {
      "Description": "Name of the Admin Site bucket",
      "Export": {
        "Name": "AdminSiteBucketName",
      },
      "Value": {
        "Ref": "AdminSiteBucket6BE9C9FA",
      },
    },
    "ImageBucketArn": {
      "Description": "ARN of the Image Storage bucket",
      "Export": {
        "Name": "ImageBucketArn",
      },
      "Value": {
        "Fn::GetAtt": [
          "ImageBucket97210811",
          "Arn",
        ],
      },
    },
    "ImageBucketName": {
      "Description": "Name of the Image Storage bucket",
      "Export": {
        "Name": "ImageBucketName",
      },
      "Value": {
        "Ref": "ImageBucket97210811",
      },
    },
    "PublicSiteBucketName": {
      "Description": "Name of the Public Site bucket",
      "Export": {
        "Name": "PublicSiteBucketName",
      },
      "Value": {
        "Ref": "PublicSiteBucket37ED9704",
      },
    },
  },
  "Parameters": {
    "BootstrapVersion": {
      "Default": "/cdk-bootstrap/hnb659fds/version",
      "Description": "Version of the CDK Bootstrap resources in this environment, automatically retrieved from SSM Parameter Store. [cdk:skip]",
      "Type": "AWS::SSM::Parameter::Value<String>",
    },
  },
  "Resources": {
    "AdminSiteBucket6BE9C9FA": {
      "DeletionPolicy": "Retain",
      "Metadata": {
        "cdk_nag": {
          "rules_to_suppress": [
            {
              "id": "AwsSolutions-S1",
              "reason": "Server access logs disabled for development environment to reduce costs. Enable in production with enableAccessLogs=true.",
            },
          ],
        },
      },
      "Properties": {
        "BucketEncryption": {
          "ServerSideEncryptionConfiguration": [
            {
              "ServerSideEncryptionByDefault": {
                "SSEAlgorithm": "AES256",
              },
            },
          ],
        },
        "BucketName": {
          "Fn::Join": [
            "",
            [
              "serverless-blog-admin-site-dev-",
              {
                "Ref": "AWS::AccountId",
              },
            ],
          ],
        },
        "PublicAccessBlockConfiguration": {
          "BlockPublicAcls": true,
          "BlockPublicPolicy": true,
          "IgnorePublicAcls": true,
          "RestrictPublicBuckets": true,
        },
      },
      "Type": "AWS::S3::Bucket",
      "UpdateReplacePolicy": "Retain",
    },
    "AdminSiteBucketPolicy1C9AECFE": {
      "Metadata": {
        "cdk_nag": {
          "rules_to_suppress": [
            {
              "id": "AwsSolutions-S1",
              "reason": "Server access logs disabled for development environment to reduce costs. Enable in production with enableAccessLogs=true.",
            },
          ],
        },
      },
      "Properties": {
        "Bucket": {
          "Ref": "AdminSiteBucket6BE9C9FA",
        },
        "PolicyDocument": {
          "Statement": [
            {
              "Action": "s3:*",
              "Condition": {
                "Bool": {
                  "aws:SecureTransport": "false",
                },
              },
              "Effect": "Deny",
              "Principal": {
                "AWS": "*",
              },
              "Resource": [
                {
                  "Fn::GetAtt": [
                    "AdminSiteBucket6BE9C9FA",
                    "Arn",
                  ],
                },
                {
                  "Fn::Join": [
                    "",
                    [
                      {
                        "Fn::GetAtt": [
                          "AdminSiteBucket6BE9C9FA",
                          "Arn",
                        ],
                      },
                      "/*",
                    ],
                  ],
                },
              ],
            },
          ],
          "Version": "2012-10-17",
        },
      },
      "Type": "AWS::S3::BucketPolicy",
    },
    "ImageBucket97210811": {
      "DeletionPolicy": "Retain",
      "Metadata": {
        "cdk_nag": {
          "rules_to_suppress": [
            {
              "id": "AwsSolutions-S1",
              "reason": "Server access logs disabled for development environment to reduce costs. Enable in production with enableAccessLogs=true.",
            },
          ],
        },
      },
      "Properties": {
        "BucketEncryption": {
          "ServerSideEncryptionConfiguration": [
            {
              "ServerSideEncryptionByDefault": {
                "SSEAlgorithm": "AES256",
              },
            },
          ],
        },
        "BucketName": {
          "Fn::Join": [
            "",
            [
              "serverless-blog-images-dev-",
              {
                "Ref": "AWS::AccountId",
              },
            ],
          ],
        },
        "CorsConfiguration": {
          "CorsRules": [
            {
              "AllowedHeaders": [
                "*",
              ],
              "AllowedMethods": [
                "PUT",
              ],
              "AllowedOrigins": [
                "*",
              ],
            },
          ],
        },
        "LifecycleConfiguration": {
          "Rules": [
            {
              "Status": "Enabled",
              "Transitions": [
                {
                  "StorageClass": "STANDARD_IA",
                  "TransitionInDays": 30,
                },
              ],
            },
          ],
        },
        "PublicAccessBlockConfiguration": {
          "BlockPublicAcls": true,
          "BlockPublicPolicy": true,
          "IgnorePublicAcls": true,
          "RestrictPublicBuckets": true,
        },
        "VersioningConfiguration": {
          "Status": "Enabled",
        },
      },
      "Type": "AWS::S3::Bucket",
      "UpdateReplacePolicy": "Retain",
    },
    "ImageBucketPolicy9E7B0384": {
      "Metadata": {
        "cdk_nag": {
          "rules_to_suppress": [
            {
              "id": "AwsSolutions-S1",
              "reason": "Server access logs disabled for development environment to reduce costs. Enable in production with enableAccessLogs=true.",
            },
          ],
        },
      },
      "Properties": {
        "Bucket": {
          "Ref": "ImageBucket97210811",
        },
        "PolicyDocument": {
          "Statement": [
            {
              "Action": "s3:*",
              "Condition": {
                "Bool": {
                  "aws:SecureTransport": "false",
                },
              },
              "Effect": "Deny",
              "Principal": {
                "AWS": "*",
              },
              "Resource": [
                {
                  "Fn::GetAtt": [
                    "ImageBucket97210811",
                    "Arn",
                  ],
                },
                {
                  "Fn::Join": [
                    "",
                    [
                      {
                        "Fn::GetAtt": [
                          "ImageBucket97210811",
                          "Arn",
                        ],
                      },
                      "/*",
                    ],
                  ],
                },
              ],
            },
          ],
          "Version": "2012-10-17",
        },
      },
      "Type": "AWS::S3::BucketPolicy",
    },
    "PublicSiteBucket37ED9704": {
      "DeletionPolicy": "Retain",
      "Metadata": {
        "cdk_nag": {
          "rules_to_suppress": [
            {
              "id": "AwsSolutions-S1",
              "reason": "Server access logs disabled for development environment to reduce costs. Enable in production with enableAccessLogs=true.",
            },
          ],
        },
      },
      "Properties": {
        "BucketEncryption": {
          "ServerSideEncryptionConfiguration": [
            {
              "ServerSideEncryptionByDefault": {
                "SSEAlgorithm": "AES256",
              },
            },
          ],
        },
        "BucketName": {
          "Fn::Join": [
            "",
            [
              "serverless-blog-public-site-dev-",
              {
                "Ref": "AWS::AccountId",
              },
            ],
          ],
        },
        "PublicAccessBlockConfiguration": {
          "BlockPublicAcls": true,
          "BlockPublicPolicy": true,
          "IgnorePublicAcls": true,
          "RestrictPublicBuckets": true,
        },
      },
      "Type": "AWS::S3::Bucket",
      "UpdateReplacePolicy": "Retain",
    },
    "PublicSiteBucketPolicy5236F71C": {
      "Metadata": {
        "cdk_nag": {
          "rules_to_suppress": [
            {
              "id": "AwsSolutions-S1",
              "reason": "Server access logs disabled for development environment to reduce costs. Enable in production with enableAccessLogs=true.",
            },
          ],
        },
      },
      "Properties": {
        "Bucket": {
          "Ref": "PublicSiteBucket37ED9704",
        },
        "PolicyDocument": {
          "Statement": [
            {
              "Action": "s3:*",
              "Condition": {
                "Bool": {
                  "aws:SecureTransport": "false",
                },
              },
              "Effect": "Deny",
              "Principal": {
                "AWS": "*",
              },
              "Resource": [
                {
                  "Fn::GetAtt": [
                    "PublicSiteBucket37ED9704",
                    "Arn",
                  ],
                },
                {
                  "Fn::Join": [
                    "",
                    [
                      {
                        "Fn::GetAtt": [
                          "PublicSiteBucket37ED9704",
                          "Arn",
                        ],
                      },
                      "/*",
                    ],
                  ],
                },
              ],
            },
          ],
          "Version": "2012-10-17",
        },
      },
      "Type": "AWS::S3::BucketPolicy",
    },
  },
  "Rules": {
    "CheckBootstrapVersion": {
      "Assertions": [
        {
          "Assert": {
            "Fn::Not": [
              {
                "Fn::Contains": [
                  [
                    "1",
                    "2",
                    "3",
                    "4",
                    "5",
                  ],
                  {
                    "Ref": "BootstrapVersion",
                  },
                ],
              },
            ],
          },
          "AssertDescription": "CDK bootstrap stack version 6 required. Please run 'cdk bootstrap' with a recent version of the CDK CLI.",
        },
      ],
    },
  },
}
`;
